{
  "annotations": {
    "readOnlyHint": true,
    "title": "Get a global security advisory"
  },
  "description": "Get a global security advisory",
  "inputSchema": {
    "type": "object",
    "required": [
      "ghsaId"
    ],
    "properties": {
      "ghsaId": {
        "type": "string",
        "description": "GitHub Security Advisory ID (format: GHSA-xxxx-xxxx-xxxx)."
      }
    }
  },
  "name": "get_global_security_advisory"
}