{
  "annotations": {
    "readOnlyHint": true,
    "title": "Get notification details"
  },
  "description": "Get detailed information for a specific GitHub notification, always call this tool when the user asks for details about a specific notification, if you don't know the ID list notifications first.",
  "inputSchema": {
    "type": "object",
    "required": [
      "notificationID"
    ],
    "properties": {
      "notificationID": {
        "type": "string",
        "description": "The ID of the notification"
      }
    }
  },
  "name": "get_notification_details"
}