{
  "annotations": {
    "readOnlyHint": true,
    "title": "Get latest release"
  },
  "description": "Get the latest release in a GitHub repository",
  "inputSchema": {
    "type": "object",
    "required": [
      "owner",
      "repo"
    ],
    "properties": {
      "owner": {
        "type": "string",
        "description": "Repository owner"
      },
      "repo": {
        "type": "string",
        "description": "Repository name"
      }
    }
  },
  "name": "get_latest_release"
}