{
  "annotations": {
    "readOnlyHint": true,
    "title": "Get workflow run logs"
  },
  "description": "Download logs for a specific workflow run (EXPENSIVE: downloads ALL logs as ZIP. Consider using get_job_logs with failed_only=true for debugging failed jobs)",
  "inputSchema": {
    "type": "object",
    "required": [
      "owner",
      "repo",
      "run_id"
    ],
    "properties": {
      "owner": {
        "type": "string",
        "description": "Repository owner"
      },
      "repo": {
        "type": "string",
        "description": "Repository name"
      },
      "run_id": {
        "type": "number",
        "description": "The unique identifier of the workflow run"
      }
    }
  },
  "name": "get_workflow_run_logs"
}