{
  "annotations": {
    "readOnlyHint": true,
    "title": "Get a release by tag name"
  },
  "description": "Get a specific release by its tag name in a GitHub repository",
  "inputSchema": {
    "type": "object",
    "required": [
      "owner",
      "repo",
      "tag"
    ],
    "properties": {
      "owner": {
        "type": "string",
        "description": "Repository owner"
      },
      "repo": {
        "type": "string",
        "description": "Repository name"
      },
      "tag": {
        "type": "string",
        "description": "Tag name (e.g., 'v1.0.0')"
      }
    }
  },
  "name": "get_release_by_tag"
}