{
  "annotations": {
    "readOnlyHint": true,
    "title": "List available issue types"
  },
  "description": "List supported issue types for repository owner (organization).",
  "inputSchema": {
    "type": "object",
    "required": [
      "owner"
    ],
    "properties": {
      "owner": {
        "type": "string",
        "description": "The organization owner of the repository"
      }
    }
  },
  "name": "list_issue_types"
}