{
  "annotations": {
    "readOnlyHint": true,
    "title": "List dependabot alerts"
  },
  "description": "List dependabot alerts in a GitHub repository.",
  "inputSchema": {
    "type": "object",
    "required": [
      "owner",
      "repo"
    ],
    "properties": {
      "owner": {
        "type": "string",
        "description": "The owner of the repository."
      },
      "repo": {
        "type": "string",
        "description": "The name of the repository."
      },
      "severity": {
        "type": "string",
        "description": "Filter dependabot alerts by severity",
        "enum": [
          "low",
          "medium",
          "high",
          "critical"
        ]
      },
      "state": {
        "type": "string",
        "description": "Filter dependabot alerts by state. Defaults to open",
        "default": "open",
        "enum": [
          "open",
          "fixed",
          "dismissed",
          "auto_dismissed"
        ]
      }
    }
  },
  "name": "list_dependabot_alerts"
}