{
  "annotations": {
    "readOnlyHint": true,
    "title": "List projects"
  },
  "description": "List Projects for a user or organization",
  "inputSchema": {
    "type": "object",
    "required": [
      "owner_type",
      "owner"
    ],
    "properties": {
      "after": {
        "type": "string",
        "description": "Forward pagination cursor from previous pageInfo.nextCursor."
      },
      "before": {
        "type": "string",
        "description": "Backward pagination cursor from previous pageInfo.prevCursor (rare)."
      },
      "owner": {
        "type": "string",
        "description": "If owner_type == user it is the handle for the GitHub user account. If owner_type == org it is the name of the organization. The name is not case sensitive."
      },
      "owner_type": {
        "type": "string",
        "description": "Owner type",
        "enum": [
          "user",
          "org"
        ]
      },
      "per_page": {
        "type": "number",
        "description": "Results per page (max 50)"
      },
      "query": {
        "type": "string",
        "description": "Filter projects by title text and open/closed state; permitted qualifiers: is:open, is:closed; examples: \"roadmap is:open\", \"is:open feature planning\"."
      }
    }
  },
  "name": "list_projects"
}