{
  "annotations": {
    "readOnlyHint": true,
    "title": "List project fields"
  },
  "description": "List Project fields for a user or org",
  "inputSchema": {
    "type": "object",
    "required": [
      "owner_type",
      "owner",
      "project_number"
    ],
    "properties": {
      "after": {
        "type": "string",
        "description": "Forward pagination cursor from previous pageInfo.nextCursor."
      },
      "before": {
        "type": "string",
        "description": "Backward pagination cursor from previous pageInfo.prevCursor (rare)."
      },
      "owner": {
        "type": "string",
        "description": "If owner_type == user it is the handle for the GitHub user account. If owner_type == org it is the name of the organization. The name is not case sensitive."
      },
      "owner_type": {
        "type": "string",
        "description": "Owner type",
        "enum": [
          "user",
          "org"
        ]
      },
      "per_page": {
        "type": "number",
        "description": "Results per page (max 50)"
      },
      "project_number": {
        "type": "number",
        "description": "The project's number."
      }
    }
  },
  "name": "list_project_fields"
}