{
  "annotations": {
    "title": "Unstar repository"
  },
  "description": "Unstar a GitHub repository",
  "inputSchema": {
    "type": "object",
    "required": [
      "owner",
      "repo"
    ],
    "properties": {
      "owner": {
        "type": "string",
        "description": "Repository owner"
      },
      "repo": {
        "type": "string",
        "description": "Repository name"
      }
    }
  },
  "name": "unstar_repository"
}